<html>
<body>
<pre>
<h1>µVision Build Log</h1>
<h2>Tool Versions:</h2>
IDE-Version: µVision V5.29.0.0
Copyright (C) 2019 ARM Ltd and ARM Germany GmbH. All rights reserved.
License Information: bmjo biju, m3, LIC=----
 
Tool Versions:
Toolchain:       MDK-Lite  Version: 5.29.0.0
Toolchain Path:  F:\Keil\ARM\ARMCC\Bin
C Compiler:      Armcc.exe V5.06 update 6 (build 750)
Assembler:       Armasm.exe V5.06 update 6 (build 750)
Linker/Locator:  ArmLink.exe V5.06 update 6 (build 750)
Library Manager: ArmAr.exe V5.06 update 6 (build 750)
Hex Converter:   FromElf.exe V5.06 update 6 (build 750)
CPU DLL:         SARMCM3.DLL V5.29.0.0
Dialog DLL:      DCM.DLL V1.17.3.0
Target DLL:      STLink\ST-LINKIII-KEIL_SWO.dll V3.0.7.0
Dialog DLL:      TCM.DLL V1.36.5.0
 
<h2>Project:</h2>
F:\BMJO\Maple\MapleHome\MDK-ARM\MapleHome.uvprojx
Project File Date:  01/13/2020

<h2>Output:</h2>
*** Using Compiler 'V5.06 update 6 (build 750)', folder: 'F:\Keil\ARM\ARMCC\Bin'
Rebuild target 'MapleHome'
assembling startup_stm32f407xx.s...
compiling MPLSMapleMain.c...
../Inc/MPLSStimulation.h(81): warning:  #1295-D: Deprecated declaration MPSTM_DisableAllSinkElectrodes - give arg types
  void MPSTM_DisableAllSinkElectrodes();
../Inc/MPLSStimulation.h(115): warning:  #1295-D: Deprecated declaration MPSTM_StimulationTimerInit - give arg types
  void MPSTM_StimulationTimerInit();
../Inc/MPLSStimulation.h(117): warning:  #1295-D: Deprecated declaration MPSTM_OnStimTimerPulseSourcePhaseStart - give arg types
  void MPSTM_OnStimTimerPulseSourcePhaseStart();
../Inc/MPLSStimulation.h(118): warning:  #1295-D: Deprecated declaration MPSTM_OnStimTimerPulseSinkPhaseStart - give arg types
  void MPSTM_OnStimTimerPulseSinkPhaseStart();
../Inc/MPLSStimulation.h(119): warning:  #1295-D: Deprecated declaration MPSTM_OnStimTimerPulsePhaseEnd - give arg types
  void MPSTM_OnStimTimerPulsePhaseEnd();
../Inc/MPLSStimulation.h(120): warning:  #1-D: last line of file ends without a newline
  #endif
..\Src\MPLSMapleMain.c(32): warning:  #1295-D: Deprecated declaration testStimulation - give arg types
  void testStimulation();
..\Src\MPLSMapleMain.c(150): warning:  #1-D: last line of file ends without a newline
  }
..\Src\MPLSMapleMain.c: 8 warnings, 0 errors
compiling main.c...
../Src/main.c(243): warning:  #177-D: function "MX_TIM1_Init"  was declared but never referenced
  static void MX_TIM1_Init(void)
../Src/main.c: 1 warning, 0 errors
compiling MPLSStimulation.c...
../Inc/MPLSStimulation.h(81): warning:  #1295-D: Deprecated declaration MPSTM_DisableAllSinkElectrodes - give arg types
  void MPSTM_DisableAllSinkElectrodes();
../Inc/MPLSStimulation.h(115): warning:  #1295-D: Deprecated declaration MPSTM_StimulationTimerInit - give arg types
  void MPSTM_StimulationTimerInit();
../Inc/MPLSStimulation.h(117): warning:  #1295-D: Deprecated declaration MPSTM_OnStimTimerPulseSourcePhaseStart - give arg types
  void MPSTM_OnStimTimerPulseSourcePhaseStart();
../Inc/MPLSStimulation.h(118): warning:  #1295-D: Deprecated declaration MPSTM_OnStimTimerPulseSinkPhaseStart - give arg types
  void MPSTM_OnStimTimerPulseSinkPhaseStart();
../Inc/MPLSStimulation.h(119): warning:  #1295-D: Deprecated declaration MPSTM_OnStimTimerPulsePhaseEnd - give arg types
  void MPSTM_OnStimTimerPulsePhaseEnd();
../Inc/MPLSStimulation.h(120): warning:  #1-D: last line of file ends without a newline
  #endif
..\Src\MPLSStimulation.c(461): warning:  #1-D: last line of file ends without a newline
  }
..\Src\MPLSStimulation.c: 7 warnings, 0 errors
compiling stm32f4xx_it.c...
compiling stm32f4xx_hal_dac.c...
compiling stm32f4xx_hal_msp.c...
compiling stm32f4xx_hal_dac_ex.c...
compiling stm32f4xx_hal_rcc_ex.c...
compiling stm32f4xx_hal_rcc.c...
compiling stm32f4xx_hal_flash.c...
compiling stm32f4xx_hal_flash_ramfunc.c...
compiling stm32f4xx_hal_flash_ex.c...
compiling stm32f4xx_hal_gpio.c...
compiling stm32f4xx_hal_dma.c...
compiling stm32f4xx_hal_dma_ex.c...
compiling stm32f4xx_hal_pwr.c...
compiling stm32f4xx_hal_pwr_ex.c...
compiling stm32f4xx_hal_cortex.c...
compiling stm32f4xx_hal.c...
compiling stm32f4xx_hal_exti.c...
compiling stm32f4xx_hal_spi.c...
compiling stm32f4xx_hal_tim_ex.c...
compiling stm32f4xx_hal_tim.c...
compiling stm32f4xx_hal_uart.c...
compiling system_stm32f4xx.c...
linking...
Program Size: Code=9280 RO-data=448 RW-data=100 ZI-data=1836  
FromELF: creating hex file...
"MapleHome\MapleHome.axf" - 0 Error(s), 16 Warning(s).

<h2>Software Packages used:</h2>

Package Vendor: ARM
                http://www.keil.com/pack/ARM.CMSIS.5.6.0.pack
                ARM.CMSIS.5.6.0
                CMSIS (Cortex Microcontroller Software Interface Standard)
   * Component: CORE Version: 5.3.0

Package Vendor: Keil
                http://www.keil.com/pack/Keil.STM32F4xx_DFP.2.14.0.pack
                Keil.STM32F4xx_DFP.2.14.0
                STMicroelectronics STM32F4 Series Device Support, Drivers and Examples

<h2>Collection of Component include folders:</h2>
  .\RTE\_MapleHome
  F:\Keil\packs\ARM\CMSIS\5.6.0\CMSIS\Core\Include
  F:\Keil\packs\Keil\STM32F4xx_DFP\2.14.0\Drivers\CMSIS\Device\ST\STM32F4xx\Include

<h2>Collection of Component Files used:</h2>

   * Component: ARM::CMSIS:CORE:5.3.0
Build Time Elapsed:  00:02:02
</pre>
</body>
</html>
